<html>
<body>
<pre>
<h1>µVision Build Log</h1>
<h2>Project:</h2>
C:\Users\Noah\Desktop\SSD1289 Driver\SSD1289_Driver.uvproj
Project File Date:  10/17/2013

<h2>Output:</h2>
Rebuild target 'Target 1'
assembling Startup.s...
compiling Main.c...
Main.c(193): error:  #147-D: declaration is incompatible with "void PORTE_Init(void)" (declared at line 52)
compiling SysTick.c...
compiling SSD1289.c...
compiling XPT2046.c...
compiling ADC.c...
compiling OV7670.c...
Target not created
Rebuild target 'Target 1'
assembling Startup.s...
compiling Main.c...
compiling SysTick.c...
compiling SSD1289.c...
compiling XPT2046.c...
compiling ADC.c...
compiling OV7670.c...
linking...
Program Size: Code=4768 RO-data=3856 RW-data=12 ZI-data=356  
"SSD1289_Driver.axf" - 0 Error(s), 0 Warning(s).
Rebuild target 'Target 1'
assembling Startup.s...
compiling Main.c...
Main.c(89): warning:  #223-D: function "Camera_Init" declared implicitly
compiling SysTick.c...
compiling SSD1289.c...
compiling XPT2046.c...
compiling ADC.c...
compiling OV7670.c...
linking...
SSD1289_Driver.axf: Error: L6218E: Undefined symbol Camera_Init (referred from main.o).
Target not created
Rebuild target 'Target 1'
assembling Startup.s...
compiling Main.c...
compiling SysTick.c...
compiling SSD1289.c...
compiling XPT2046.c...
compiling ADC.c...
compiling OV7670.c...
OV7670.c(26): warning:  #1-D: last line of file ends without a newline
linking...
Program Size: Code=4788 RO-data=3856 RW-data=12 ZI-data=356  
"SSD1289_Driver.axf" - 0 Error(s), 1 Warning(s).
Rebuild target 'Target 1'
assembling Startup.s...
compiling Main.c...
compiling SysTick.c...
compiling SSD1289.c...
compiling XPT2046.c...
compiling ADC.c...
compiling OV7670.c...
OV7670.c(26): error:  #20: identifier "Camera_Set" is undefined
OV7670.c(27): error:  #65: expected a ";"
Target not created
Rebuild target 'Target 1'
assembling Startup.s...
compiling Main.c...
compiling SysTick.c...
compiling SSD1289.c...
compiling XPT2046.c...
compiling ADC.c...
compiling OV7670.c...
OV7670.c(27): warning:  #940-D: missing return statement at end of non-void function "Camera_Get"
OV7670.c(32): warning:  #940-D: missing return statement at end of non-void function "Camera_Set"
linking...
Program Size: Code=4808 RO-data=3856 RW-data=12 ZI-data=356  
"SSD1289_Driver.axf" - 0 Error(s), 2 Warning(s).
Rebuild target 'Target 1'
assembling Startup.s...
compiling Main.c...
compiling SysTick.c...
compiling SSD1289.c...
compiling XPT2046.c...
compiling ADC.c...
compiling OV7670.c...
OV7670.c(27): warning:  #940-D: missing return statement at end of non-void function "Camera_Get"
OV7670.c(32): warning:  #940-D: missing return statement at end of non-void function "Camera_Set"
linking...
Program Size: Code=4808 RO-data=3856 RW-data=12 ZI-data=356  
"SSD1289_Driver.axf" - 0 Error(s), 2 Warning(s).
Rebuild target 'Target 1'
assembling Startup.s...
compiling Main.c...
compiling SysTick.c...
compiling SSD1289.c...
compiling XPT2046.c...
compiling ADC.c...
compiling OV7670.c...
OV7670.c(27): warning:  #940-D: missing return statement at end of non-void function "Camera_Get"
OV7670.c(32): warning:  #940-D: missing return statement at end of non-void function "Camera_Set"
OV7670.c(36): warning:  #223-D: function "OV7670_Set" declared implicitly
linking...
SSD1289_Driver.axf: Error: L6218E: Undefined symbol OV7670_Set (referred from ov7670.o).
Target not created
Rebuild target 'Target 1'
assembling Startup.s...
compiling Main.c...
compiling SysTick.c...
compiling SSD1289.c...
compiling XPT2046.c...
compiling ADC.c...
compiling OV7670.c...
OV7670.c(27): warning:  #940-D: missing return statement at end of non-void function "Camera_Get"
OV7670.c(32): warning:  #940-D: missing return statement at end of non-void function "Camera_Set"
linking...
Program Size: Code=5136 RO-data=3856 RW-data=12 ZI-data=356  
"SSD1289_Driver.axf" - 0 Error(s), 2 Warning(s).
Rebuild target 'Target 1'
assembling Startup.s...
compiling Main.c...
compiling SysTick.c...
compiling SSD1289.c...
compiling XPT2046.c...
compiling ADC.c...
compiling OV7670.c...
OV7670.c(32): warning:  #940-D: missing return statement at end of non-void function "Camera_Get"
OV7670.c(37): warning:  #940-D: missing return statement at end of non-void function "Camera_Set"
linking...
Program Size: Code=5136 RO-data=3856 RW-data=12 ZI-data=356  
"SSD1289_Driver.axf" - 0 Error(s), 2 Warning(s).
Rebuild target 'Target 1'
assembling Startup.s...
compiling Main.c...
compiling SysTick.c...
compiling SSD1289.c...
compiling XPT2046.c...
compiling ADC.c...
compiling OV7670.c...
OV7670.c(31): warning:  #223-D: function "I2C_ClearBuffers" declared implicitly
OV7670.c(32): error:  #20: identifier "I2CWriteLength" is undefined
OV7670.c(33): error:  #20: identifier "I2CReadLength" is undefined
OV7670.c(34): error:  #20: identifier "I2CMasterBuffer" is undefined
OV7670.c(37): warning:  #223-D: function "I2CEngine" declared implicitly
OV7670.c(39): error:  #20: identifier "delay" is undefined
OV7670.c(44): error:  #20: identifier "RD_BIT" is undefined
OV7670.c(46): error:  #20: identifier "I2CSTATE_SLA_NACK" is undefined
OV7670.c(48): error:  #20: identifier "I2CSlaveBuffer" is undefined
OV7670.c(54): warning:  #223-D: function "I2C_ClearBufferes" declared implicitly
OV7670.c(56): error:  #20: identifier "I2CWriteLength" is undefined
OV7670.c(57): error:  #20: identifier "I2CMasterBuffer" is undefined
OV7670.c(61): warning:  #223-D: function "I2CEngine" declared implicitly
Target not created
Rebuild target 'Target 1'
assembling Startup.s...
compiling Main.c...
compiling SysTick.c...
compiling SSD1289.c...
compiling XPT2046.c...
compiling ADC.c...
compiling OV7670.c...
OV7670.c(35): warning:  #223-D: function "I2C_ClearBuffers" declared implicitly
OV7670.c(36): error:  #20: identifier "I2CWriteLength" is undefined
OV7670.c(37): error:  #20: identifier "I2CReadLength" is undefined
OV7670.c(38): error:  #20: identifier "I2CMasterBuffer" is undefined
OV7670.c(41): warning:  #223-D: function "I2CEngine" declared implicitly
OV7670.c(43): error:  #20: identifier "delay" is undefined
OV7670.c(48): error:  #20: identifier "RD_BIT" is undefined
OV7670.c(50): error:  #20: identifier "I2CSTATE_SLA_NACK" is undefined
OV7670.c(52): error:  #20: identifier "I2CSlaveBuffer" is undefined
OV7670.c(58): warning:  #223-D: function "I2C_ClearBufferes" declared implicitly
OV7670.c(60): error:  #20: identifier "I2CWriteLength" is undefined
OV7670.c(61): error:  #20: identifier "I2CMasterBuffer" is undefined
OV7670.c(65): warning:  #223-D: function "I2CEngine" declared implicitly
Target not created
Rebuild target 'Target 1'
assembling Startup.s...
compiling Main.c...
compiling SysTick.c...
compiling SSD1289.c...
compiling XPT2046.c...
compiling ADC.c...
compiling OV7670.c...
OV7670.c(35): warning:  #223-D: function "I2C_ClearBuffers" declared implicitly
OV7670.c(36): error:  #20: identifier "I2CWriteLength" is undefined
OV7670.c(37): error:  #20: identifier "I2CReadLength" is undefined
OV7670.c(38): error:  #20: identifier "I2CMasterBuffer" is undefined
OV7670.c(41): warning:  #223-D: function "I2CEngine" declared implicitly
OV7670.c(43): error:  #20: identifier "delay" is undefined
OV7670.c(48): error:  #20: identifier "RD_BIT" is undefined
OV7670.c(50): error:  #20: identifier "I2CSTATE_SLA_NACK" is undefined
OV7670.c(52): error:  #20: identifier "I2CSlaveBuffer" is undefined
OV7670.c(58): warning:  #223-D: function "I2C_ClearBufferes" declared implicitly
OV7670.c(60): error:  #20: identifier "I2CWriteLength" is undefined
OV7670.c(61): error:  #20: identifier "I2CMasterBuffer" is undefined
OV7670.c(65): warning:  #223-D: function "I2CEngine" declared implicitly
Target not created
